// Jest Snapshot v1, https://goo.gl/fbAQLP

exports[`<Form/> renders correctly 1`] = `
<form
  as="form"
>
  <input
    className="form field"
    required={true}
    type="text"
  />
  <button
    className="form button"
    type="submit"
  />
</form>
`;
