// Jest Snapshot v1, https://goo.gl/fbAQLP

exports[`<SearchBar/> renders correctly 1`] = `
Object {
  "asFragment": [Function],
  "baseElement": <body>
    <div>
      <div
        class="menu fluid center container"
        data-testid="search-bar-container"
      >
        <form
          data-testid="search-form"
        >
          <label
            class="form label"
            data-testid="search-label"
            for="username"
          >
            Enter Github Username to Retrieve Followers
          </label>
          <input
            class="form field"
            data-testid="search-field"
            name="username"
            placeholder="Github Username"
            required=""
            type="text"
            value=""
          />
          <button
            class="form button"
            data-testid="search-button"
            type="submit"
          >
            Search
          </button>
        </form>
        <a
          data-testid="github-repo-link"
          href="https://github.com/GuttermanA/ritani"
          rel="noopener noreferrer"
          style="color: white;"
          target="_blank"
        >
          Github Repository
        </a>
      </div>
    </div>
  </body>,
  "container": <div>
    <div
      class="menu fluid center container"
      data-testid="search-bar-container"
    >
      <form
        data-testid="search-form"
      >
        <label
          class="form label"
          data-testid="search-label"
          for="username"
        >
          Enter Github Username to Retrieve Followers
        </label>
        <input
          class="form field"
          data-testid="search-field"
          name="username"
          placeholder="Github Username"
          required=""
          type="text"
          value=""
        />
        <button
          class="form button"
          data-testid="search-button"
          type="submit"
        >
          Search
        </button>
      </form>
      <a
        data-testid="github-repo-link"
        href="https://github.com/GuttermanA/ritani"
        rel="noopener noreferrer"
        style="color: white;"
        target="_blank"
      >
        Github Repository
      </a>
    </div>
  </div>,
  "debug": [Function],
  "findAllByAltText": [Function],
  "findAllByDisplayValue": [Function],
  "findAllByLabelText": [Function],
  "findAllByPlaceholderText": [Function],
  "findAllByRole": [Function],
  "findAllByTestId": [Function],
  "findAllByText": [Function],
  "findAllByTitle": [Function],
  "findByAltText": [Function],
  "findByDisplayValue": [Function],
  "findByLabelText": [Function],
  "findByPlaceholderText": [Function],
  "findByRole": [Function],
  "findByTestId": [Function],
  "findByText": [Function],
  "findByTitle": [Function],
  "getAllByAltText": [Function],
  "getAllByDisplayValue": [Function],
  "getAllByLabelText": [Function],
  "getAllByPlaceholderText": [Function],
  "getAllByRole": [Function],
  "getAllByTestId": [Function],
  "getAllByText": [Function],
  "getAllByTitle": [Function],
  "getByAltText": [Function],
  "getByDisplayValue": [Function],
  "getByLabelText": [Function],
  "getByPlaceholderText": [Function],
  "getByRole": [Function],
  "getByTestId": [Function],
  "getByText": [Function],
  "getByTitle": [Function],
  "queryAllByAltText": [Function],
  "queryAllByDisplayValue": [Function],
  "queryAllByLabelText": [Function],
  "queryAllByPlaceholderText": [Function],
  "queryAllByRole": [Function],
  "queryAllByTestId": [Function],
  "queryAllByText": [Function],
  "queryAllByTitle": [Function],
  "queryByAltText": [Function],
  "queryByDisplayValue": [Function],
  "queryByLabelText": [Function],
  "queryByPlaceholderText": [Function],
  "queryByRole": [Function],
  "queryByTestId": [Function],
  "queryByText": [Function],
  "queryByTitle": [Function],
  "rerender": [Function],
  "unmount": [Function],
}
`;
